✓ MySQL connection verified
[32minfo[39m: [Startup] Database connection initialized {"service":"zoom-transcript-bot","timestamp":"13:55:10"}
[32minfo[39m: [Startup] Calendar sync at start disabled (set RUN_CAL_SYNC_AT_START=true to enable) {"service":"zoom-transcript-bot","timestamp":"13:55:10"}
[32minfo[39m: (ServerJS File): Server is LIVE on Port: 3000 {"service":"zoom-transcript-bot","timestamp":"13:55:10"}
[32minfo[39m: (ServerJS File): Auto-Sync (1min) and Polling (30s) are now ACTIVE. {"service":"zoom-transcript-bot","timestamp":"13:55:10"}
[32minfo[39m: Model(CalendarUsersModel): Fetched 5 calendar integrations {"service":"zoom-transcript-bot","timestamp":"13:55:46"}
[32minfo[39m: Model(CalendarUsersModel): Fetched 5 calendar integrations {"service":"zoom-transcript-bot","timestamp":"13:55:52"}
[32minfo[39m: Model(CalendarUsersModel): Fetched 5 calendar integrations {"service":"zoom-transcript-bot","timestamp":"14:18:10"}
[32minfo[39m: Model(CalendarUsersModel): Fetched 5 calendar integrations {"service":"zoom-transcript-bot","timestamp":"14:18:18"}
[32minfo[39m: Model(CalendarUsersModel): Fetched 5 calendar integrations {"service":"zoom-transcript-bot","timestamp":"14:21:25"}
[32minfo[39m: User logged in: admin@automationbot.com (ID: 2) {"service":"zoom-transcript-bot","timestamp":"14:23:04"}
[32minfo[39m: Model(CalendarUsersModel): Fetched 5 calendar integrations {"service":"zoom-transcript-bot","timestamp":"14:23:07"}
[32minfo[39m: Model(CalendarUsersModel): Fetched 5 calendar integrations {"service":"zoom-transcript-bot","timestamp":"14:28:39"}
[32minfo[39m: Model(CalendarUsersModel): Fetched 5 calendar integrations {"service":"zoom-transcript-bot","timestamp":"14:31:32"}
[32minfo[39m: Model(CalendarUsersModel): Fetched 5 calendar integrations {"service":"zoom-transcript-bot","timestamp":"14:31:56"}
[32minfo[39m: Model(CalendarUsersModel): Fetched 5 calendar integrations {"service":"zoom-transcript-bot","timestamp":"14:32:16"}
[32minfo[39m: Model(CalendarUsersModel): Fetched 5 calendar integrations {"service":"zoom-transcript-bot","timestamp":"14:36:18"}
[32minfo[39m: Model(CalendarUsersModel): Fetched 5 calendar integrations {"service":"zoom-transcript-bot","timestamp":"14:37:27"}
[32minfo[39m: Model(CalendarUsersModel): Fetched 5 calendar integrations {"service":"zoom-transcript-bot","timestamp":"14:38:06"}
[32minfo[39m: Model(CalendarUsersModel): Fetched 5 calendar integrations {"service":"zoom-transcript-bot","timestamp":"14:38:49"}
[32minfo[39m: Model(CalendarUsersModel): Fetched 5 calendar integrations {"service":"zoom-transcript-bot","timestamp":"14:38:52"}
[32minfo[39m: Model(CalendarUsersModel): Fetched 5 calendar integrations {"service":"zoom-transcript-bot","timestamp":"14:39:20"}
[32minfo[39m: Model(CalendarUsersModel): Fetched 5 calendar integrations {"service":"zoom-transcript-bot","timestamp":"14:40:01"}
[32minfo[39m: Model(CalendarUsersModel): Fetched 5 calendar integrations {"service":"zoom-transcript-bot","timestamp":"14:40:02"}
[32minfo[39m: Model(CalendarUsersModel): Fetched 5 calendar integrations {"service":"zoom-transcript-bot","timestamp":"14:41:10"}
[32minfo[39m: Model(CalendarUsersModel): Fetched 5 calendar integrations {"service":"zoom-transcript-bot","timestamp":"14:41:30"}
[32minfo[39m: Model(CalendarUsersModel): Fetched 5 calendar integrations {"service":"zoom-transcript-bot","timestamp":"14:41:32"}
[32minfo[39m: Model(CalendarUsersModel): Fetched 5 calendar integrations {"service":"zoom-transcript-bot","timestamp":"14:41:34"}
[32minfo[39m: Model(CalendarUsersModel): Fetched 5 calendar integrations {"service":"zoom-transcript-bot","timestamp":"14:41:35"}
[32minfo[39m: Model(CalendarUsersModel): Fetched 5 calendar integrations {"service":"zoom-transcript-bot","timestamp":"14:41:58"}
[32minfo[39m: Model(CalendarUsersModel): Fetched 5 calendar integrations {"service":"zoom-transcript-bot","timestamp":"14:42:01"}
[32minfo[39m: Model(CalendarUsersModel): Fetched 5 calendar integrations {"service":"zoom-transcript-bot","timestamp":"14:42:02"}
[32minfo[39m: Model(CalendarUsersModel): Fetched 5 calendar integrations {"service":"zoom-transcript-bot","timestamp":"14:42:51"}
[32minfo[39m: Model(CalendarUsersModel): Fetched 5 calendar integrations {"service":"zoom-transcript-bot","timestamp":"14:42:51"}
[32minfo[39m: Model(CalendarUsersModel): Fetched 5 calendar integrations {"service":"zoom-transcript-bot","timestamp":"14:47:08"}
[32minfo[39m: Model(CalendarUsersModel): Fetched 5 calendar integrations {"service":"zoom-transcript-bot","timestamp":"14:47:18"}
[32minfo[39m: Model(CalendarUsersModel): Fetched 5 calendar integrations {"service":"zoom-transcript-bot","timestamp":"14:54:53"}
